
> AmproProject-HUB3@1.0.0 build
> next build

   Ôû▓ Next.js 16.0.7 (Turbopack)
   - Environments: .env.local, .env

   Creating an optimized production build ...
 Ô£ô Compiled successfully in 6.2s
   Running TypeScript ...
npm : Failed to compile.
At line:1 char:1
+ npm run build > build-output.txt 2>&1; echo BUILD_EXIT_CODE:$LASTEXIT ...
+ ~~~~~~~~~~~~~~~~~~~~~~~~~~~~~~~~~~~~~
    + CategoryInfo          : NotSpecified: (Failed to compile.:String) [], RemoteException
    + FullyQualifiedErrorId : NativeCommandError
 

./archive/app/WelcomePage.tsx:25:21
Type error: Declaration or statement expected.

[0m [90m 23 |[39m                         [33m<[39m[33m/[39m[33mdiv[39m[33m>[39m
 [90m 24 |[39m                       [33m<[39m[33m/[39m[33mdiv[39m[33m>[39m
[31m[1m>[22m[39m[90m 25 |[39m                     [33m<[39m[33m/[39m[33mdiv[39m[33m>[39m
 [90m    |[39m                     [31m[1m^[22m[39m
 [90m 26 |[39m                   )}
 [90m 27 |[39m
 [90m 28 |[39m                   {signupMode [33m===[39m [32m'studio'[39m [33m&&[39m ([0m
Next.js build worker exited with code: 1 and signal: null
